
Allocating common symbols
Common symbol       size              file

kbd_buf             0x6c              build/keyboard.o
thread_ready_list   0x10              build/thread.o
tss                 0x6c              build/tss.o
thread_all_list     0x10              build/thread.o
user_pool           0x2c              build/memory.o
kernel_vddr         0xc               build/memory.o
intr_name           0xc0              build/interrupt.o
main_thread         0x4               build/thread.o
ticks               0x4               build/timer.o
idt_table           0xc0              build/interrupt.o
kernel_pool         0x2c              build/memory.o

Discarded input sections

 .note.GNU-stack
                0x0000000000000000        0x0 build/main.o
 .note.GNU-stack
                0x0000000000000000        0x0 build/init.o
 .note.GNU-stack
                0x0000000000000000        0x0 build/interrupt.o
 .note.GNU-stack
                0x0000000000000000        0x0 build/timer.o
 .note.GNU-stack
                0x0000000000000000        0x0 build/debug.o
 .note.GNU-stack
                0x0000000000000000        0x0 build/string.o
 .note.GNU-stack
                0x0000000000000000        0x0 build/bitmap.o
 .note.GNU-stack
                0x0000000000000000        0x0 build/memory.o
 .note.GNU-stack
                0x0000000000000000        0x0 build/thread.o
 .note.GNU-stack
                0x0000000000000000        0x0 build/list.o
 .note.GNU-stack
                0x0000000000000000        0x0 build/sync.o
 .note.GNU-stack
                0x0000000000000000        0x0 build/console.o
 .note.GNU-stack
                0x0000000000000000        0x0 build/keyboard.o
 .note.GNU-stack
                0x0000000000000000        0x0 build/ioqueue.o
 .note.GNU-stack
                0x0000000000000000        0x0 build/tss.o

Memory Configuration

Name             Origin             Length             Attributes
*default*        0x0000000000000000 0xffffffffffffffff

Linker script and memory map

Address of section .text set to 0xc0001500
LOAD build/main.o
LOAD build/init.o
LOAD build/interrupt.o
LOAD build/timer.o
LOAD build/kernel.o
LOAD build/print.o
LOAD build/debug.o
LOAD build/string.o
LOAD build/bitmap.o
LOAD build/memory.o
LOAD build/thread.o
LOAD build/list.o
LOAD build/switch.o
LOAD build/sync.o
LOAD build/console.o
LOAD build/keyboard.o
LOAD build/ioqueue.o
LOAD build/tss.o
                [!provide]                        PROVIDE (__executable_start, 0x8048000)
                0x0000000008048094                . = (0x8048000 + SIZEOF_HEADERS)

.interp
 *(.interp)

.note.gnu.build-id
 *(.note.gnu.build-id)

.hash
 *(.hash)

.gnu.hash
 *(.gnu.hash)

.dynsym
 *(.dynsym)

.dynstr
 *(.dynstr)

.gnu.version
 *(.gnu.version)

.gnu.version_d
 *(.gnu.version_d)

.gnu.version_r
 *(.gnu.version_r)

.rel.dyn        0x0000000008048094        0x0
 *(.rel.init)
 *(.rel.text .rel.text.* .rel.gnu.linkonce.t.*)
 .rel.text      0x0000000008048094        0x0 build/main.o
 *(.rel.fini)
 *(.rel.rodata .rel.rodata.* .rel.gnu.linkonce.r.*)
 *(.rel.data.rel.ro .rel.data.rel.ro.* .rel.gnu.linkonce.d.rel.ro.*)
 *(.rel.data .rel.data.* .rel.gnu.linkonce.d.*)
 *(.rel.tdata .rel.tdata.* .rel.gnu.linkonce.td.*)
 *(.rel.tbss .rel.tbss.* .rel.gnu.linkonce.tb.*)
 *(.rel.ctors)
 *(.rel.dtors)
 *(.rel.got)
 *(.rel.bss .rel.bss.* .rel.gnu.linkonce.b.*)
 *(.rel.ifunc)

.rel.plt        0x0000000008048094        0x0
 *(.rel.plt)
                [!provide]                        PROVIDE (__rel_iplt_start, .)
 *(.rel.iplt)
                [!provide]                        PROVIDE (__rel_iplt_end, .)

.init
 *(SORT(.init))

.plt
 *(.plt)
 *(.iplt)

.plt.got
 *(.plt.got)

.text           0x00000000c0001500     0x3002
 *(.text.unlikely .text.*_unlikely .text.unlikely.*)
 *(.text.exit .text.exit.*)
 *(.text.startup .text.startup.*)
 *(.text.hot .text.hot.*)
 *(.text .stub .text.* .gnu.linkonce.t.*)
 .text          0x00000000c0001500      0x11d build/main.o
                0x00000000c0001500                main
                0x00000000c0001569                k_thread_a
                0x00000000c00015c3                k_thread_b
 .text          0x00000000c000161d       0x37 build/init.o
                0x00000000c000161d                init_all
 .text          0x00000000c0001654      0x461 build/interrupt.o
                0x00000000c00019ba                intr_enable
                0x00000000c00019e3                intr_disable
                0x00000000c0001a0c                intr_set_status
                0x00000000c0001a2a                intr_get_status
                0x00000000c0001a4e                register_handler
                0x00000000c0001a6a                idt_init
 .text          0x00000000c0001ab5      0x190 build/timer.o
                0x00000000c0001be5                timer_init
 *fill*         0x00000000c0001c45        0xb 
 .text          0x00000000c0001c50      0x53a build/kernel.o
                0x00000000c0001c50                intr_exit
 *fill*         0x00000000c000218a        0x6 
 .text          0x00000000c0002190      0x177 build/print.o
                0x00000000c0002190                put_str
                0x00000000c00021ae                put_char
                0x00000000c0002280                put_int
                0x00000000c00022e3                set_cursor
 .text          0x00000000c0002307       0xa5 build/debug.o
                0x00000000c0002307                panic_spin
 .text          0x00000000c00023ac      0x44a build/string.o
                0x00000000c00023ac                memset
                0x00000000c0002408                memcpy
                0x00000000c0002474                memcmp
                0x00000000c0002505                strcpy
                0x00000000c0002567                strlen
                0x00000000c00025bd                strcmp
                0x00000000c0002644                strchr
                0x00000000c00026a9                strrchr
                0x00000000c0002712                strcat
                0x00000000c0002789                strchrs
 .text          0x00000000c00027f6      0x266 build/bitmap.o
                0x00000000c00027f6                bitmap_init
                0x00000000c000281d                bitmap_scan_test
                0x00000000c000285d                bitmap_scan
                0x00000000c00029a1                bitmap_set
 .text          0x00000000c0002a5c      0x7db build/memory.o
                0x00000000c0002b8c                pte_ptr
                0x00000000c0002bbc                pde_ptr
                0x00000000c0002d6d                malloc_page
                0x00000000c0002e02                get_kernel_pages
                0x00000000c0002e46                get_user_pages
                0x00000000c0002e9c                get_a_page
                0x00000000c0003014                addr_v2p
                0x00000000c0003202                mem_init
 .text          0x00000000c0003237      0x590 build/thread.o
                0x00000000c0003237                running_thread
                0x00000000c0003264                thread_create
                0x00000000c00032da                init_thread
                0x00000000c0003375                thread_start
                0x00000000c00034f0                schedule
                0x00000000c0003618                thread_block
                0x00000000c000367f                thread_unblock
                0x00000000c000378a                thread_init
 .text          0x00000000c00037c7      0x1e3 build/list.o
                0x00000000c00037c7                list_init
                0x00000000c00037f4                list_insert_before
                0x00000000c0003835                list_push
                0x00000000c0003852                list_append
                0x00000000c000386f                list_remove
                0x00000000c00038a5                list_pop
                0x00000000c00038c4                elem_find
                0x00000000c00038ff                list_traval
                0x00000000c000395c                list_len
                0x00000000c0003991                list_empty
 *fill*         0x00000000c00039aa        0x6 
 .text          0x00000000c00039b0       0x15 build/switch.o
                0x00000000c00039b0                switch_to
 .text          0x00000000c00039c5      0x347 build/sync.o
                0x00000000c00039c5                sema_init
                0x00000000c00039ea                lock_init
                0x00000000c0003a1b                sema_down
                0x00000000c0003b2f                sema_up
                0x00000000c0003be5                lock_acquire
                0x00000000c0003c61                lock_release
 .text          0x00000000c0003d0c       0x9d build/console.o
                0x00000000c0003d0c                console_init
                0x00000000c0003d20                console_acquire
                0x00000000c0003d34                console_release
                0x00000000c0003d48                console_put_str
                0x00000000c0003d65                console_put_char
                0x00000000c0003d89                console_put_int
 .text          0x00000000c0003da9      0x2bb build/keyboard.o
                0x00000000c0004024                keyboard_init
 .text          0x00000000c0004064      0x2ef build/ioqueue.o
                0x00000000c0004064                ioqueue_init
                0x00000000c00040bf                ioq_full
                0x00000000c0004110                ioq_empty
                0x00000000c00041f7                ioq_getchar
                0x00000000c00042a4                ioq_putchar
 .text          0x00000000c0004353      0x1af build/tss.o
                0x00000000c0004353                update_tss_esp
                0x00000000c0004365                make_gdt_desc
                0x00000000c00043d4                tss_init
 *(.gnu.warning)

.fini
 *(SORT(.fini))
                [!provide]                        PROVIDE (__etext, .)
                [!provide]                        PROVIDE (_etext, .)
                [!provide]                        PROVIDE (etext, .)

.rodata         0x00000000c0004504      0xb48
 *(.rodata .rodata.* .gnu.linkonce.r.*)
 .rodata        0x00000000c0004504       0x2d build/main.o
 .rodata        0x00000000c0004531        0xa build/init.o
 *fill*         0x00000000c000453b        0x1 
 .rodata        0x00000000c000453c      0x2c1 build/interrupt.o
 *fill*         0x00000000c00047fd        0x3 
 .rodata        0x00000000c0004800       0x6b build/timer.o
 .rodata        0x00000000c000486b       0x43 build/debug.o
 .rodata        0x00000000c00048ae       0xa2 build/string.o
 .rodata        0x00000000c0004950       0x68 build/bitmap.o
 .rodata        0x00000000c00049b8      0x1a9 build/memory.o
 *fill*         0x00000000c0004b61        0x3 
 .rodata        0x00000000c0004b64      0x2c3 build/thread.o
 *fill*         0x00000000c0004e27        0x1 
 .rodata        0x00000000c0004e28      0x12b build/sync.o
 .rodata        0x00000000c0004f53       0x35 build/keyboard.o
 .rodata        0x00000000c0004f88       0x9d build/ioqueue.o
 .rodata        0x00000000c0005025       0x27 build/tss.o

.rodata1
 *(.rodata1)

.eh_frame_hdr
 *(.eh_frame_hdr)
 *(.eh_frame_entry .eh_frame_entry.*)

.eh_frame       0x00000000c000504c      0xbcc
 *(.eh_frame)
 .eh_frame      0x00000000c000504c       0x6c build/main.o
 .eh_frame      0x00000000c00050b8       0x20 build/init.o
                                         0x38 (size before relaxing)
 .eh_frame      0x00000000c00050d8      0x180 build/interrupt.o
                                        0x198 (size before relaxing)
 .eh_frame      0x00000000c0005258       0x8c build/timer.o
                                         0xa4 (size before relaxing)
 .eh_frame      0x00000000c00052e4       0x1c build/debug.o
                                         0x34 (size before relaxing)
 .eh_frame      0x00000000c0005300      0x140 build/string.o
                                        0x158 (size before relaxing)
 .eh_frame      0x00000000c0005440       0x8c build/bitmap.o
                                         0xa4 (size before relaxing)
 .eh_frame      0x00000000c00054cc      0x180 build/memory.o
                                        0x198 (size before relaxing)
 .eh_frame      0x00000000c000564c      0x140 build/thread.o
                                        0x158 (size before relaxing)
 .eh_frame      0x00000000c000578c      0x140 build/list.o
                                        0x158 (size before relaxing)
 .eh_frame      0x00000000c00058cc       0xc8 build/sync.o
                                         0xe0 (size before relaxing)
 .eh_frame      0x00000000c0005994       0xc0 build/console.o
                                         0xd8 (size before relaxing)
 .eh_frame      0x00000000c0005a54       0x60 build/keyboard.o
                                         0x78 (size before relaxing)
 .eh_frame      0x00000000c0005ab4      0x100 build/ioqueue.o
                                        0x118 (size before relaxing)
 .eh_frame      0x00000000c0005bb4       0x64 build/tss.o
                                         0x7c (size before relaxing)
 *(.eh_frame.*)

.gcc_except_table
 *(.gcc_except_table .gcc_except_table.*)

.gnu_extab
 *(.gnu_extab*)

.exception_ranges
 *(.exception_ranges .exception_ranges*)
                0x00000000c0007000                . = DATA_SEGMENT_ALIGN (0x1000, 0x1000)

.eh_frame
 *(.eh_frame)
 *(.eh_frame.*)

.gnu_extab
 *(.gnu_extab)

.gcc_except_table
 *(.gcc_except_table .gcc_except_table.*)

.exception_ranges
 *(.exception_ranges .exception_ranges*)

.tdata
 *(.tdata .tdata.* .gnu.linkonce.td.*)

.tbss
 *(.tbss .tbss.* .gnu.linkonce.tb.*)
 *(.tcommon)

.preinit_array  0x00000000c0007000        0x0
                [!provide]                        PROVIDE (__preinit_array_start, .)
 *(.preinit_array)
                [!provide]                        PROVIDE (__preinit_array_end, .)

.init_array     0x00000000c0007000        0x0
                [!provide]                        PROVIDE (__init_array_start, .)
 *(SORT(.init_array.*) SORT(.ctors.*))
 *(.init_array EXCLUDE_FILE(*crtend?.o *crtend.o *crtbegin?.o *crtbegin.o) .ctors)
                [!provide]                        PROVIDE (__init_array_end, .)

.fini_array     0x00000000c0007000        0x0
                [!provide]                        PROVIDE (__fini_array_start, .)
 *(SORT(.fini_array.*) SORT(.dtors.*))
 *(.fini_array EXCLUDE_FILE(*crtend?.o *crtend.o *crtbegin?.o *crtbegin.o) .dtors)
                [!provide]                        PROVIDE (__fini_array_end, .)

.ctors
 *crtbegin.o(.ctors)
 *crtbegin?.o(.ctors)
 *(EXCLUDE_FILE(*crtend?.o *crtend.o) .ctors)
 *(SORT(.ctors.*))
 *(.ctors)

.dtors
 *crtbegin.o(.dtors)
 *crtbegin?.o(.dtors)
 *(EXCLUDE_FILE(*crtend?.o *crtend.o) .dtors)
 *(SORT(.dtors.*))
 *(.dtors)

.jcr
 *(.jcr)

.data.rel.ro
 *(.data.rel.ro.local* .gnu.linkonce.d.rel.ro.local.*)
 *(.data.rel.ro .data.rel.ro.* .gnu.linkonce.d.rel.ro.*)

.dynamic
 *(.dynamic)

.got
 *(.got)
 *(.igot)
                0x00000000c0007000                . = DATA_SEGMENT_RELRO_END (., (SIZEOF (.got.plt) >= 0xc)?0xc:0x0)

.got.plt        0x00000000c0007000        0x0
 *(.got.plt)
 *(.igot.plt)

.data           0x00000000c0007000      0x156
 *(.data .data.* .gnu.linkonce.d.*)
 .data          0x00000000c0007000        0x0 build/main.o
 .data          0x00000000c0007000        0x0 build/init.o
 .data          0x00000000c0007000        0x0 build/interrupt.o
 .data          0x00000000c0007000        0x0 build/timer.o
 .data          0x00000000c0007000       0xd1 build/kernel.o
                0x00000000c0007011                intr_entry_table
 *fill*         0x00000000c00070d1        0x3 
 .data          0x00000000c00070d4        0x8 build/print.o
 .data          0x00000000c00070dc        0x0 build/debug.o
 .data          0x00000000c00070dc        0x0 build/string.o
 .data          0x00000000c00070dc        0x0 build/bitmap.o
 .data          0x00000000c00070dc        0x0 build/memory.o
 .data          0x00000000c00070dc        0x0 build/thread.o
 .data          0x00000000c00070dc        0x0 build/list.o
 .data          0x00000000c00070dc        0x0 build/sync.o
 .data          0x00000000c00070dc        0x0 build/console.o
 *fill*         0x00000000c00070dc        0x4 
 .data          0x00000000c00070e0       0x76 build/keyboard.o
 .data          0x00000000c0007156        0x0 build/ioqueue.o
 .data          0x00000000c0007156        0x0 build/tss.o

.data1
 *(.data1)
                0x00000000c0007156                _edata = .
                [!provide]                        PROVIDE (edata, .)
                0x00000000c0007156                . = .
                0x00000000c0007156                __bss_start = .

.bss            0x00000000c0007160      0x4ec
 *(.dynbss)
 *(.bss .bss.* .gnu.linkonce.b.*)
 .bss           0x00000000c0007160        0x0 build/main.o
 .bss           0x00000000c0007160        0x0 build/init.o
 .bss           0x00000000c0007160      0x180 build/interrupt.o
 .bss           0x00000000c00072e0        0x0 build/timer.o
 .bss           0x00000000c00072e0        0x0 build/debug.o
 .bss           0x00000000c00072e0        0x0 build/string.o
 .bss           0x00000000c00072e0        0x0 build/bitmap.o
 .bss           0x00000000c00072e0        0x0 build/memory.o
 .bss           0x00000000c00072e0        0x4 build/thread.o
 .bss           0x00000000c00072e4        0x0 build/list.o
 .bss           0x00000000c00072e4        0x0 build/sync.o
 .bss           0x00000000c00072e4       0x1c build/console.o
 .bss           0x00000000c0007300       0x14 build/keyboard.o
 .bss           0x00000000c0007314        0x0 build/ioqueue.o
 .bss           0x00000000c0007314        0x0 build/tss.o
 *(COMMON)
 *fill*         0x00000000c0007314        0xc 
 COMMON         0x00000000c0007320      0x180 build/interrupt.o
                0x00000000c0007320                intr_name
                0x00000000c00073e0                idt_table
 COMMON         0x00000000c00074a0        0x4 build/timer.o
                0x00000000c00074a0                ticks
 *fill*         0x00000000c00074a4       0x1c 
 COMMON         0x00000000c00074c0       0x6c build/memory.o
                0x00000000c00074c0                user_pool
                0x00000000c00074ec                kernel_vddr
                0x00000000c0007500                kernel_pool
 COMMON         0x00000000c000752c       0x24 build/thread.o
                0x00000000c000752c                thread_ready_list
                0x00000000c000753c                thread_all_list
                0x00000000c000754c                main_thread
 *fill*         0x00000000c0007550       0x10 
 COMMON         0x00000000c0007560       0x6c build/keyboard.o
                0x00000000c0007560                kbd_buf
 *fill*         0x00000000c00075cc       0x14 
 COMMON         0x00000000c00075e0       0x6c build/tss.o
                0x00000000c00075e0                tss
                0x00000000c000764c                . = ALIGN ((. != 0x0)?0x4:0x1)
                0x00000000c000764c                . = ALIGN (0x4)
                0x00000000c000764c                . = SEGMENT_START ("ldata-segment", .)
                0x00000000c000764c                . = ALIGN (0x4)
                0x00000000c000764c                _end = .
                [!provide]                        PROVIDE (end, .)
                0x00000000c000764c                . = DATA_SEGMENT_END (.)

.stab
 *(.stab)

.stabstr
 *(.stabstr)

.stab.excl
 *(.stab.excl)

.stab.exclstr
 *(.stab.exclstr)

.stab.index
 *(.stab.index)

.stab.indexstr
 *(.stab.indexstr)

.comment        0x0000000000000000       0x2d
 *(.comment)
 .comment       0x0000000000000000       0x2d build/main.o
                                         0x2e (size before relaxing)
 .comment       0x000000000000002d       0x2e build/init.o
 .comment       0x000000000000002d       0x2e build/interrupt.o
 .comment       0x000000000000002d       0x2e build/timer.o
 .comment       0x000000000000002d       0x2e build/debug.o
 .comment       0x000000000000002d       0x2e build/string.o
 .comment       0x000000000000002d       0x2e build/bitmap.o
 .comment       0x000000000000002d       0x2e build/memory.o
 .comment       0x000000000000002d       0x2e build/thread.o
 .comment       0x000000000000002d       0x2e build/list.o
 .comment       0x000000000000002d       0x2e build/sync.o
 .comment       0x000000000000002d       0x2e build/console.o
 .comment       0x000000000000002d       0x2e build/keyboard.o
 .comment       0x000000000000002d       0x2e build/ioqueue.o
 .comment       0x000000000000002d       0x2e build/tss.o

.debug
 *(.debug)

.line
 *(.line)

.debug_srcinfo
 *(.debug_srcinfo)

.debug_sfnames
 *(.debug_sfnames)

.debug_aranges
 *(.debug_aranges)

.debug_pubnames
 *(.debug_pubnames)

.debug_info
 *(.debug_info .gnu.linkonce.wi.*)

.debug_abbrev
 *(.debug_abbrev)

.debug_line
 *(.debug_line .debug_line.* .debug_line_end)

.debug_frame
 *(.debug_frame)

.debug_str
 *(.debug_str)

.debug_loc
 *(.debug_loc)

.debug_macinfo
 *(.debug_macinfo)

.debug_weaknames
 *(.debug_weaknames)

.debug_funcnames
 *(.debug_funcnames)

.debug_typenames
 *(.debug_typenames)

.debug_varnames
 *(.debug_varnames)

.debug_pubtypes
 *(.debug_pubtypes)

.debug_ranges
 *(.debug_ranges)

.debug_macro
 *(.debug_macro)

.gnu.attributes
 *(.gnu.attributes)

/DISCARD/
 *(.note.GNU-stack)
 *(.gnu_debuglink)
 *(.gnu.lto_*)
OUTPUT(build/kernel.bin elf32-i386)
